// Jest Snapshot v1, https://goo.gl/fbAQLP

exports[`App render applications renders correctly 1`] = `
<h1>
  Hi!
</h1>
`;
